// Jest Snapshot v1, https://goo.gl/fbAQLP

exports[`should override some hooks 1`] = `
Object {
  "handleKeyCommand": [Function],
  "handleReturn": [Function],
  "keyBindingFn": [Function],
  "onTab": [Function],
}
`;
